[
  {
    content: {
<<<<<<< HEAD
      value: "text before",
      plainTextValue: "text before",
=======
      value: "text before ",
>>>>>>> origin/main
      isTrusted: false,
      supportThemeIcons: false,
      supportHtml: false
    },
    kind: "markdownContent"
  },
  {
    inlineReference: URI(https://microsoft.com/),
    kind: "inlineReference"
  },
  {
    content: {
<<<<<<< HEAD
      value: "text after",
      plainTextValue: "text after",
=======
      value: " text after",
>>>>>>> origin/main
      isTrusted: false,
      supportThemeIcons: false,
      supportHtml: false
    },
    kind: "markdownContent"
  }
]